// Jest Snapshot v1, https://goo.gl/fbAQLP

exports[`renders with no uri and favourited set to true 1`] = `
<View
  style={
    Object {
      "backgroundColor": "#ffffff",
      "borderRadius": 13,
      "elevation": 6,
      "height": 220,
      "overflow": "hidden",
      "shadowColor": "rgba(0, 0, 0, 0.25)",
      "shadowOffset": Object {
        "height": 4,
        "width": 0,
      },
      "shadowOpacity": 1,
      "shadowRadius": 4,
      "width": 260,
    }
  }
>
  <View
    accessible={true}
    focusable={false}
    onClick={[Function]}
    onResponderGrant={[Function]}
    onResponderMove={[Function]}
    onResponderRelease={[Function]}
    onResponderTerminate={[Function]}
    onResponderTerminationRequest={[Function]}
    onStartShouldSetResponder={[Function]}
    style={
      Object {
        "flexGrow": 1,
        "flexShrink": 1,
      }
    }
  >
    <View
      style={
        Array [
          Object {
            "backgroundColor": "#eeeeee",
            "height": 195,
            "overflow": "hidden",
          },
          Object {
            "borderTopLeftRadius": 4,
            "borderTopRightRadius": 4,
          },
          Array [
            Object {
              "height": 135,
            },
          ],
        ]
      }
    >
      <Image
        resizeMode="contain"
        siblings={
          Array [
            "Styled(withTheme(Card.Cover))",
            "Styled(Card.Content)",
          ]
        }
        source={1}
        style={
          Array [
            Object {
              "flex": 1,
              "height": undefined,
              "justifyContent": "flex-end",
              "padding": 16,
              "resizeMode": "cover",
              "width": undefined,
            },
            Object {
              "borderTopLeftRadius": 4,
              "borderTopRightRadius": 4,
            },
          ]
        }
      />
    </View>
    <View
      style={
        Array [
          Object {
            "paddingHorizontal": 16,
          },
          Object {
            "paddingBottom": 16,
          },
          Array [
            Object {
              "flexBasis": 0,
              "flexGrow": 1,
              "flexShrink": 1,
              "marginTop": 15,
            },
          ],
        ]
      }
    >
      <View
        style={
          Array [
            Object {
              "alignItems": "center",
              "flexDirection": "row",
              "justifyContent": "space-between",
            },
          ]
        }
      >
        <Text
          style={
            Array [
              Object {
                "color": "#000000",
                "fontFamily": "System",
                "fontWeight": "400",
                "textAlign": "left",
              },
              Array [
                Object {
                  "fontWeight": "bold",
                  "width": "90%",
                },
              ],
            ]
          }
        >
          Adventure Park
        </Text>
        <Text
          allowFontScaling={false}
          style={
            Array [
              Object {
                "color": "rgba(0, 0, 0, 0.26)",
                "fontSize": 20,
              },
              undefined,
              Object {
                "fontFamily": "material-community",
                "fontStyle": "normal",
                "fontWeight": "normal",
              },
              Object {},
            ]
          }
        >
          ï‹‘
        </Text>
      </View>
      <Text
        style={
          Array [
            Object {
              "color": "#000000",
              "fontFamily": "System",
              "fontWeight": "400",
              "textAlign": "left",
            },
            Array [
              Object {
                "bottom": 15,
                "fontSize": 12,
                "opacity": 0.6,
                "position": "absolute",
                "right": 15,
              },
            ],
          ]
        }
      >
        297km Away
      </Text>
    </View>
  </View>
</View>
`;
