// Jest Snapshot v1, https://goo.gl/fbAQLP

exports[`matches snapshot 1`] = `
<View
  style={
    Array [
      Object {
        "alignItems": "center",
        "flexDirection": "row",
        "marginBottom": 8,
        "marginLeft": 10,
        "marginRight": 10,
        "marginTop": 0,
      },
    ]
  }
>
  <SvgMock
    height={36}
    width={36}
  />
  <Text
    selected={true}
    style={
      Array [
        Object {
          "color": "#000000",
          "fontFamily": "System",
          "fontWeight": "400",
          "textAlign": "left",
        },
        Array [
          Object {
            "color": "black",
            "flexBasis": 0,
            "flexGrow": 1,
            "flexShrink": 1,
            "fontSize": 18,
            "lineHeight": 23,
            "marginLeft": 30,
          },
        ],
      ]
    }
  >
    Hiking
  </Text>
  <View
    accessibilityLabel="select"
    selected={true}
    style={
      Array [
        Object {
          "alignItems": "center",
          "backgroundColor": "#294071",
          "borderColor": "#294071",
          "borderRadius": 4,
          "borderStyle": "solid",
          "borderWidth": 2,
          "height": 28,
          "justifyContent": "center",
          "width": 28,
        },
      ]
    }
  >
    <Icon
      color="white"
      icon="check"
      onPress={[Function]}
      size={26}
    />
  </View>
</View>
`;
