// Jest Snapshot v1, https://goo.gl/fbAQLP

exports[`matches snapshot 1`] = `
Array [
  <View
    style={
      Array [
        Object {
          "alignItems": "center",
          "flexDirection": "row",
          "marginBottom": 8,
          "marginLeft": 10,
          "marginRight": 10,
          "marginTop": 0,
        },
      ]
    }
  >
    <SvgMock
      height={36}
      width={36}
    />
    <Text
      selected={false}
      style={
        Array [
          Object {
            "color": "#000000",
            "fontFamily": "System",
            "fontWeight": "400",
            "textAlign": "left",
          },
          Array [
            Object {
              "color": "rgba(0, 0, 0, 0.53)",
              "flexBasis": 0,
              "flexGrow": 1,
              "flexShrink": 1,
              "fontSize": 18,
              "lineHeight": 23,
              "marginLeft": 30,
            },
          ],
        ]
      }
    >
      Hiking
    </Text>
    <View
      accessibilityLabel="select"
      selected={false}
      style={
        Array [
          Object {
            "alignItems": "center",
            "backgroundColor": "white",
            "borderColor": "black",
            "borderRadius": 4,
            "borderStyle": "solid",
            "borderWidth": 2,
            "height": 28,
            "justifyContent": "center",
            "width": 28,
          },
        ]
      }
    >
      <Icon
        color="white"
        icon="check"
        onPress={[Function]}
        size={26}
      />
    </View>
  </View>,
  <View
    style={
      Array [
        Object {
          "alignItems": "center",
          "flexDirection": "row",
          "marginBottom": 8,
          "marginLeft": 10,
          "marginRight": 10,
          "marginTop": 0,
        },
      ]
    }
  >
    <SvgMock
      height={36}
      width={36}
    />
    <Text
      selected={false}
      style={
        Array [
          Object {
            "color": "#000000",
            "fontFamily": "System",
            "fontWeight": "400",
            "textAlign": "left",
          },
          Array [
            Object {
              "color": "rgba(0, 0, 0, 0.53)",
              "flexBasis": 0,
              "flexGrow": 1,
              "flexShrink": 1,
              "fontSize": 18,
              "lineHeight": 23,
              "marginLeft": 30,
            },
          ],
        ]
      }
    >
      Fishing
    </Text>
    <View
      accessibilityLabel="select"
      selected={false}
      style={
        Array [
          Object {
            "alignItems": "center",
            "backgroundColor": "white",
            "borderColor": "black",
            "borderRadius": 4,
            "borderStyle": "solid",
            "borderWidth": 2,
            "height": 28,
            "justifyContent": "center",
            "width": 28,
          },
        ]
      }
    >
      <Icon
        color="white"
        icon="check"
        onPress={[Function]}
        size={26}
      />
    </View>
  </View>,
  <View
    style={
      Array [
        Object {
          "alignItems": "center",
          "flexDirection": "row",
          "marginBottom": 8,
          "marginLeft": 10,
          "marginRight": 10,
          "marginTop": 0,
        },
      ]
    }
  >
    <SvgMock
      height={36}
      width={36}
    />
    <Text
      selected={false}
      style={
        Array [
          Object {
            "color": "#000000",
            "fontFamily": "System",
            "fontWeight": "400",
            "textAlign": "left",
          },
          Array [
            Object {
              "color": "rgba(0, 0, 0, 0.53)",
              "flexBasis": 0,
              "flexGrow": 1,
              "flexShrink": 1,
              "fontSize": 18,
              "lineHeight": 23,
              "marginLeft": 30,
            },
          ],
        ]
      }
    >
      Climbing
    </Text>
    <View
      accessibilityLabel="select"
      selected={false}
      style={
        Array [
          Object {
            "alignItems": "center",
            "backgroundColor": "white",
            "borderColor": "black",
            "borderRadius": 4,
            "borderStyle": "solid",
            "borderWidth": 2,
            "height": 28,
            "justifyContent": "center",
            "width": 28,
          },
        ]
      }
    >
      <Icon
        color="white"
        icon="check"
        onPress={[Function]}
        size={26}
      />
    </View>
  </View>,
  <View>
    <View
      accessibilityRole="button"
      accessible={true}
      focusable={true}
      onClick={[Function]}
      onResponderGrant={[Function]}
      onResponderMove={[Function]}
      onResponderRelease={[Function]}
      onResponderTerminate={[Function]}
      onResponderTerminationRequest={[Function]}
      onStartShouldSetResponder={[Function]}
      style={
        Array [
          false,
          Array [
            Object {
              "padding": 8,
            },
            undefined,
          ],
        ]
      }
    >
      <View
        pointerEvents="none"
        style={
          Object {
            "alignItems": "center",
            "flexDirection": "row",
          }
        }
      >
        <View
          style={
            Array [
              Object {
                "margin": 8,
              },
              Object {
                "flex": 1,
                "justifyContent": "center",
              },
            ]
          }
        >
          <Text
            numberOfLines={1}
            style={
              Array [
                Object {
                  "color": "#000000",
                  "fontFamily": "System",
                  "fontWeight": "400",
                  "textAlign": "left",
                },
                Array [
                  Object {
                    "fontSize": 16,
                  },
                  Object {
                    "color": "#6200ee",
                  },
                  Object {
                    "textDecorationLine": "underline",
                  },
                ],
              ]
            }
          >
            Collapse all amenities
          </Text>
        </View>
        <View
          style={
            Array [
              Object {
                "margin": 8,
              },
              undefined,
            ]
          }
        >
          <Text
            accessibilityElementsHidden={true}
            allowFontScaling={false}
            importantForAccessibility="no-hide-descendants"
            pointerEvents="none"
            style={
              Array [
                Object {
                  "color": "rgba(0, 0, 0, 0.87)",
                  "fontSize": 24,
                },
                Array [
                  Object {
                    "transform": Array [
                      Object {
                        "scaleX": 1,
                      },
                    ],
                  },
                  Object {
                    "backgroundColor": "transparent",
                  },
                ],
                Object {
                  "fontFamily": "material-community",
                  "fontStyle": "normal",
                  "fontWeight": "normal",
                },
                Object {},
              ]
            }
          >
            ï…ƒ
          </Text>
        </View>
      </View>
    </View>
    <View
      style={
        Array [
          Object {
            "alignItems": "center",
            "flexDirection": "row",
            "marginBottom": 8,
            "marginLeft": 10,
            "marginRight": 10,
            "marginTop": 0,
          },
        ]
      }
    >
      <Text
        selected={false}
        style={
          Array [
            Object {
              "color": "#000000",
              "fontFamily": "System",
              "fontWeight": "400",
              "textAlign": "left",
            },
            Array [
              Object {
                "color": "rgba(0, 0, 0, 0.53)",
                "flexBasis": 0,
                "flexGrow": 1,
                "flexShrink": 1,
                "fontSize": 18,
                "lineHeight": 23,
                "marginLeft": 30,
              },
            ],
          ]
        }
      >
        Wilderness Camping
      </Text>
      <View
        accessibilityLabel="select"
        selected={false}
        style={
          Array [
            Object {
              "alignItems": "center",
              "backgroundColor": "white",
              "borderColor": "black",
              "borderRadius": 4,
              "borderStyle": "solid",
              "borderWidth": 2,
              "height": 28,
              "justifyContent": "center",
              "width": 28,
            },
          ]
        }
      >
        <Icon
          color="white"
          icon="check"
          onPress={[Function]}
          size={26}
        />
      </View>
    </View>
  </View>,
]
`;
